<testsuites id="" name="" tests="2" failures="1" skipped="0" errors="0" time="12.789022000000001">
<testsuite name="setup.setup.js" timestamp="2025-08-01T06:22:34.220Z" hostname="setup" tests="1" failures="0" skipped="0" time="1.698" errors="0">
<testcase name="verify system dependencies" classname="setup.setup.js" time="1.698">
<system-out>
<![CDATA[🔧 Setting up DiagnosticPro MVP test environment...
✅ Google Cloud project: diagnostic-pro-legacy
🚀 Verifying application startup...
✅ Landing page accessible
🚀 Navigating to diagnostic form page...
✅ Perfect diagnostic form elements present
🎉 Setup complete - ready for comprehensive testing!
]]>
</system-out>
<system-err>
<![CDATA[❌ Google Cloud authentication issue: [2mexpect([22m[31mreceived[39m[2m).[22mtoBe[2m([22m[32mexpected[39m[2m) // Object.is equality[22m

Expected: [32m"diagnostic-pro-[7mmvp[27m"[39m
Received: [31m"diagnostic-pro-[7mlegacy[27m"[39m
]]>
</system-err>
</testcase>
</testsuite>
<testsuite name="complete-payment-test.test.js" timestamp="2025-08-01T06:22:34.220Z" hostname="chromium" tests="1" failures="1" skipped="0" time="8.727" errors="0">
<testcase name="complete payment workflow" classname="complete-payment-test.test.js" time="8.727">
<failure message="complete-payment-test.test.js:7:1 complete payment workflow" type="FAILURE">
<![CDATA[  [chromium] › complete-payment-test.test.js:7:1 › complete payment workflow ───────────────────────

    Error: locator.isVisible: Error: strict mode violation: locator('textarea') resolved to 2 elements:
        1) <textarea rows="4" required="" placeholder="Describe what's wrong: symptoms, when it happens, any recent repairs, etc." class="w-full px-4 py-3 border border-gray-300 rounded-lg focus:ring-2 focus:ring-blue-500 transition-all duration-200"></textarea> aka getByRole('textbox', { name: 'Describe what\'s wrong:' })
        2) <textarea rows="3" class="w-full px-4 py-3 border border-gray-300 rounded-lg focus:ring-2 focus:ring-blue-500" placeholder="What repairs were quoted? What's the price? Include all details from the estimate."></textarea> aka getByRole('textbox', { name: 'What repairs were quoted?' })

    Call log:
        - checking visibility of locator('textarea')


      71 |   // Fill problem description
      72 |   const textarea = await page.locator('textarea');
    > 73 |   if (await textarea.isVisible()) {
         |                      ^
      74 |     await textarea.fill('Engine making strange rattling noise during acceleration. Started 2 days ago.');
      75 |     console.log('✅ Problem description filled');
      76 |   }
        at /home/jeremylongshore/diagnostic-pro-mvp/tests/complete-payment-test.test.js:73:22

    attachment #1: screenshot (image/png) ──────────────────────────────────────────────────────────
    ../test-results/complete-payment-test-complete-payment-workflow-chromium/test-failed-1.png
    ────────────────────────────────────────────────────────────────────────────────────────────────

    attachment #2: video (video/webm) ──────────────────────────────────────────────────────────────
    ../test-results/complete-payment-test-complete-payment-workflow-chromium/video.webm
    ────────────────────────────────────────────────────────────────────────────────────────────────

    Error Context: ../test-results/complete-payment-test-complete-payment-workflow-chromium/error-context.md

    attachment #4: trace (application/zip) ─────────────────────────────────────────────────────────
    ../test-results/complete-payment-test-complete-payment-workflow-chromium/trace.zip
    Usage:

        npx playwright show-trace ../test-results/complete-payment-test-complete-payment-workflow-chromium/trace.zip

    ────────────────────────────────────────────────────────────────────────────────────────────────

    Retry #1 ───────────────────────────────────────────────────────────────────────────────────────

    Error: locator.isVisible: Error: strict mode violation: locator('textarea') resolved to 2 elements:
        1) <textarea rows="4" required="" placeholder="Describe what's wrong: symptoms, when it happens, any recent repairs, etc." class="w-full px-4 py-3 border border-gray-300 rounded-lg focus:ring-2 focus:ring-blue-500 transition-all duration-200"></textarea> aka getByRole('textbox', { name: 'Describe what\'s wrong:' })
        2) <textarea rows="3" class="w-full px-4 py-3 border border-gray-300 rounded-lg focus:ring-2 focus:ring-blue-500" placeholder="What repairs were quoted? What's the price? Include all details from the estimate."></textarea> aka getByRole('textbox', { name: 'What repairs were quoted?' })

    Call log:
        - checking visibility of locator('textarea')


      71 |   // Fill problem description
      72 |   const textarea = await page.locator('textarea');
    > 73 |   if (await textarea.isVisible()) {
         |                      ^
      74 |     await textarea.fill('Engine making strange rattling noise during acceleration. Started 2 days ago.');
      75 |     console.log('✅ Problem description filled');
      76 |   }
        at /home/jeremylongshore/diagnostic-pro-mvp/tests/complete-payment-test.test.js:73:22

    attachment #1: screenshot (image/png) ──────────────────────────────────────────────────────────
    ../test-results/complete-payment-test-complete-payment-workflow-chromium-retry1/test-failed-1.png
    ────────────────────────────────────────────────────────────────────────────────────────────────

    attachment #2: video (video/webm) ──────────────────────────────────────────────────────────────
    ../test-results/complete-payment-test-complete-payment-workflow-chromium-retry1/video.webm
    ────────────────────────────────────────────────────────────────────────────────────────────────

    Error Context: ../test-results/complete-payment-test-complete-payment-workflow-chromium-retry1/error-context.md

    attachment #4: trace (application/zip) ─────────────────────────────────────────────────────────
    ../test-results/complete-payment-test-complete-payment-workflow-chromium-retry1/trace.zip
    Usage:

        npx playwright show-trace ../test-results/complete-payment-test-complete-payment-workflow-chromium-retry1/trace.zip

    ────────────────────────────────────────────────────────────────────────────────────────────────
]]>
</failure>
<system-out>
<![CDATA[🧪 Complete payment workflow test...
📸 Taking initial screenshot...
🔍 Selecting Equipment Diagnosis service...
✅ Equipment Diagnosis service selected
📝 Filling out diagnostic form...
✅ Name filled
✅ Email filled
✅ Phone filled
✅ Equipment type selected
✅ Vehicle details filled

[[ATTACHMENT|complete-payment-test-complete-payment-workflow-chromium/test-failed-1.png]]

[[ATTACHMENT|complete-payment-test-complete-payment-workflow-chromium/video.webm]]

[[ATTACHMENT|complete-payment-test-complete-payment-workflow-chromium/error-context.md]]

[[ATTACHMENT|complete-payment-test-complete-payment-workflow-chromium/trace.zip]]
🧪 Complete payment workflow test...
📸 Taking initial screenshot...
🔍 Selecting Equipment Diagnosis service...
✅ Equipment Diagnosis service selected
📝 Filling out diagnostic form...
✅ Name filled
✅ Email filled
✅ Phone filled
✅ Equipment type selected
✅ Vehicle details filled

[[ATTACHMENT|complete-payment-test-complete-payment-workflow-chromium-retry1/test-failed-1.png]]

[[ATTACHMENT|complete-payment-test-complete-payment-workflow-chromium-retry1/video.webm]]

[[ATTACHMENT|complete-payment-test-complete-payment-workflow-chromium-retry1/error-context.md]]

[[ATTACHMENT|complete-payment-test-complete-payment-workflow-chromium-retry1/trace.zip]]
]]>
</system-out>
</testcase>
</testsuite>
</testsuites>